// Jest Snapshot v1, https://goo.gl/fbAQLP

exports[`<SingleItem/> Errors with a not defined item 1`] = `
<p
  data-test="graphql-error"
>
  <strong>
    Shoot!
  </strong>
  Item not found
</p>
`;

exports[`<SingleItem/> renders with proper data 1`] = `
<h2>
  Viewing 
  dogs are best
</h2>
`;
